Copyright 1986-2022 Xilinx, Inc. All Rights Reserved. Copyright 2022-2024 Advanced Micro Devices, Inc. All Rights Reserved.
---------------------------------------------------------------------------------------------------------------------------------------------
| Tool Version : Vivado v.2024.2 (lin64) Build 5239630 Fri Nov 08 22:34:34 MST 2024
| Date         : Fri Mar  7 11:40:07 2025
| Host         : archLaptop running 64-bit Arch Linux
| Command      : report_control_sets -verbose -file top_control_sets_placed.rpt
| Design       : top
| Device       : xc7a35t
---------------------------------------------------------------------------------------------------------------------------------------------

Control Set Information

Table of Contents
-----------------
1. Summary
2. Histogram
3. Flip-Flop Distribution
4. Detailed Control Set Information

1. Summary
----------

+----------------------------------------------------------+-------+
|                          Status                          | Count |
+----------------------------------------------------------+-------+
| Total control sets                                       |   124 |
|    Minimum number of control sets                        |   124 |
|    Addition due to synthesis replication                 |     0 |
|    Addition due to physical synthesis replication        |     0 |
| Unused register locations in slices containing registers |   232 |
+----------------------------------------------------------+-------+
* Control sets can be merged at opt_design using control_set_merge or merge_equivalent_drivers
** Run report_qor_suggestions for automated merging and remapping suggestions


2. Histogram
------------

+--------------------+-------+
|       Fanout       | Count |
+--------------------+-------+
| Total control sets |   124 |
| >= 0 to < 4        |     3 |
| >= 4 to < 6        |     9 |
| >= 6 to < 8        |     1 |
| >= 8 to < 10       |    51 |
| >= 10 to < 12      |     0 |
| >= 12 to < 14      |     2 |
| >= 14 to < 16      |     0 |
| >= 16              |    58 |
+--------------------+-------+
* Control sets can be remapped at either synth_design or opt_design


3. Flip-Flop Distribution
-------------------------

+--------------+-----------------------+------------------------+-----------------+--------------+
| Clock Enable | Synchronous Set/Reset | Asynchronous Set/Reset | Total Registers | Total Slices |
+--------------+-----------------------+------------------------+-----------------+--------------+
| No           | No                    | No                     |              37 |           16 |
| No           | No                    | Yes                    |             176 |           81 |
| No           | Yes                   | No                     |              20 |            6 |
| Yes          | No                    | No                     |               1 |            1 |
| Yes          | No                    | Yes                    |            3174 |         1249 |
| Yes          | Yes                   | No                     |               0 |            0 |
+--------------+-----------------------+------------------------+-----------------+--------------+


4. Detailed Control Set Information
-----------------------------------

+------------------------+----------------------------------------------------------------------------+-----------------------------------------+------------------+----------------+--------------+
|      Clock Signal      |                                Enable Signal                               |             Set/Reset Signal            | Slice Load Count | Bel Load Count | Bels / Slice |
+------------------------+----------------------------------------------------------------------------+-----------------------------------------+------------------+----------------+--------------+
|  externalClk_IBUF_BUFG |                                                                            | CPU_Core_inst/CU/softwareResetReg_reg_0 |                1 |              1 |         1.00 |
|  externalClk_IBUF_BUFG |                                                                            |                                         |                1 |              1 |         1.00 |
|  externalClk_IBUF_BUFG | programmingModeReg                                                         |                                         |                1 |              1 |         1.00 |
|  internalClk_BUFG      | memoryMapping_inst/serialInterface_inst/transmitFIFO_regReadPtr[3]_i_1_n_0 | reset                                   |                2 |              4 |         2.00 |
|  internalClk_BUFG      | CPU_Core_inst/CU/CPSR_Reg                                                  | reset                                   |                1 |              4 |         4.00 |
|  internalClk_BUFG      | memoryMapping_inst/serialInterface_inst/transmitFIFO_regWritePtr           | reset                                   |                1 |              4 |         4.00 |
|  internalClk_BUFG      | memoryMapping_inst/serialInterface_inst/receiveFIFO_reg_writePtr           | reset                                   |                1 |              4 |         4.00 |
|  internalClk_BUFG      | memoryMapping_inst/serialInterface_inst/countBitsReceived                  | reset                                   |                1 |              4 |         4.00 |
|  internalClk_BUFG      | CPU_Core_inst/CU/sourceRegisterNumberReg[3]_i_1_n_0                        | reset                                   |                3 |              4 |         1.33 |
|  internalClk_BUFG      | memoryMapping_inst/serialInterface_inst/countBitsTransmitted               | reset                                   |                1 |              4 |         4.00 |
|  internalClk_BUFG      | memoryMapping_inst/serialInterface_inst/receiveFIFO_regReadPtr[3]_i_1_n_0  | reset                                   |                1 |              4 |         4.00 |
|  internalClk_BUFG      | CPU_Core_inst/CU/destinationRegisterNumberReg                              | reset                                   |                2 |              5 |         2.50 |
|  internalClk_BUFG      | CPU_Core_inst/CU/memOperationReg                                           | reset                                   |                2 |              6 |         3.00 |
|  internalClk_BUFG      | memoryMapping_inst/serialInterface_inst/transmitFIFO_reg[7]_43             | reset                                   |                3 |              8 |         2.67 |
|  internalClk_BUFG      | memoryMapping_inst/serialInterface_inst/transmitFIFO_reg[5]_45             | reset                                   |                1 |              8 |         8.00 |
|  internalClk_BUFG      | memoryMapping_inst/serialInterface_inst/transmitFIFO_reg[6]_44             | reset                                   |                6 |              8 |         1.33 |
|  internalClk_BUFG      | memoryMapping_inst/serialInterface_inst/transmitFIFO_reg[4]_46             | reset                                   |                1 |              8 |         8.00 |
|  internalClk_BUFG      | memoryMapping_inst/serialInterface_inst/transmitFIFO_reg[3]_2              | reset                                   |                3 |              8 |         2.67 |
|  internalClk_BUFG      | memoryMapping_inst/serialInterface_inst/transmitFIFO_reg[2]_1              | reset                                   |                4 |              8 |         2.00 |
|  internalClk_BUFG      | memoryMapping_inst/serialInterface_inst/transmitFIFO_reg[1]_0              | reset                                   |                1 |              8 |         8.00 |
|  internalClk_BUFG      | memoryMapping_inst/serialInterface_inst/transmitFIFO_reg[15]_10            | reset                                   |                2 |              8 |         4.00 |
|  internalClk_BUFG      | memoryMapping_inst/serialInterface_inst/transmitFIFO_reg[14]_9             | reset                                   |                2 |              8 |         4.00 |
|  internalClk_BUFG      | memoryMapping_inst/serialInterface_inst/transmitFIFO_reg[13]_8             | reset                                   |                4 |              8 |         2.00 |
|  internalClk_BUFG      | memoryMapping_inst/serialInterface_inst/transmitFIFO_reg[12]_7             | reset                                   |                1 |              8 |         8.00 |
|  internalClk_BUFG      | memoryMapping_inst/serialInterface_inst/transmitFIFO_reg[11]_6             | reset                                   |                2 |              8 |         4.00 |
|  internalClk_BUFG      | memoryMapping_inst/serialInterface_inst/transmitFIFO_reg[10]_5             | reset                                   |                3 |              8 |         2.67 |
|  internalClk_BUFG      | memoryMapping_inst/serialInterface_inst/transmitFIFO_reg[0][7]_i_1_n_0     | reset                                   |                1 |              8 |         8.00 |
|  internalClk_BUFG      | memoryMapping_inst/serialInterface_inst/transmitFIFO_reg[9]_4              | reset                                   |                6 |              8 |         1.33 |
|  internalClk_BUFG      | CPU_Core_inst/ALU_inst/resultReg_reg[2]_1[0]                               | reset                                   |                3 |              8 |         2.67 |
|  internalClk_BUFG      | CPU_Core_inst/ALU_inst/resultReg_reg[0]_3[15]                              | reset                                   |                3 |              8 |         2.67 |
|  internalClk_BUFG      | CPU_Core_inst/ALU_inst/resultReg_reg[0]_3[14]                              | reset                                   |                2 |              8 |         4.00 |
|  internalClk_BUFG      | CPU_Core_inst/ALU_inst/resultReg_reg[0]_3[13]                              | reset                                   |                4 |              8 |         2.00 |
|  internalClk_BUFG      | CPU_Core_inst/ALU_inst/resultReg_reg[0]_3[12]                              | reset                                   |                3 |              8 |         2.67 |
|  internalClk_BUFG      | CPU_Core_inst/ALU_inst/resultReg_reg[0]_3[11]                              | reset                                   |                3 |              8 |         2.67 |
|  internalClk_BUFG      | CPU_Core_inst/ALU_inst/resultReg_reg[0]_3[10]                              | reset                                   |                3 |              8 |         2.67 |
|  internalClk_BUFG      | CPU_Core_inst/ALU_inst/resultReg_reg[0]_3[8]                               | reset                                   |                2 |              8 |         4.00 |
|  internalClk_BUFG      | CPU_Core_inst/ALU_inst/resultReg_reg[0]_3[7]                               | reset                                   |                2 |              8 |         4.00 |
|  internalClk_BUFG      | CPU_Core_inst/ALU_inst/resultReg_reg[0]_3[9]                               | reset                                   |                2 |              8 |         4.00 |
|  internalClk_BUFG      | CPU_Core_inst/ALU_inst/resultReg_reg[0]_3[5]                               | reset                                   |                3 |              8 |         2.67 |
|  internalClk_BUFG      | memoryMapping_inst/serialInterface_inst/transmitFIFO_reg[8]_3              | reset                                   |                4 |              8 |         2.00 |
|  internalClk_BUFG      | CPU_Core_inst/ALU_inst/resultReg_reg[0]_3[0]                               | reset                                   |                3 |              8 |         2.67 |
|  internalClk_BUFG      | CPU_Core_inst/ALU_inst/resultReg_reg[0]_3[1]                               | reset                                   |                2 |              8 |         4.00 |
|  internalClk_BUFG      | CPU_Core_inst/ALU_inst/resultReg_reg[0]_3[2]                               | reset                                   |                2 |              8 |         4.00 |
|  internalClk_BUFG      | memoryMapping_inst/hardwareTimer0_inst/countReg                            | reset                                   |                3 |              8 |         2.67 |
|  internalClk_BUFG      | CPU_Core_inst/ALU_inst/resultReg_reg[0]_3[3]                               | reset                                   |                3 |              8 |         2.67 |
|  internalClk_BUFG      | CPU_Core_inst/ALU_inst/resultReg_reg[0]_3[4]                               | reset                                   |                3 |              8 |         2.67 |
|  internalClk_BUFG      | CPU_Core_inst/ALU_inst/resultReg_reg[0]_3[6]                               | reset                                   |                3 |              8 |         2.67 |
|  internalClk_BUFG      | memoryMapping_inst/serialInterface_inst/receiveFIFO_reg[9]_57              | reset                                   |                6 |              9 |         1.50 |
|  internalClk_BUFG      | memoryMapping_inst/serialInterface_inst/receiveFIFO_reg[8]_61              | reset                                   |                2 |              9 |         4.50 |
|  internalClk_BUFG      | memoryMapping_inst/serialInterface_inst/receiveFIFO_reg[7]_48              | reset                                   |                5 |              9 |         1.80 |
|  internalClk_BUFG      | memoryMapping_inst/serialInterface_inst/receiveFIFO_reg[6]_52              | reset                                   |                7 |              9 |         1.29 |
|  internalClk_BUFG      | memoryMapping_inst/serialInterface_inst/receiveFIFO_reg[5]_56              | reset                                   |                5 |              9 |         1.80 |
|  internalClk_BUFG      | memoryMapping_inst/serialInterface_inst/receiveFIFO_reg[4]_60              | reset                                   |                4 |              9 |         2.25 |
|  internalClk_BUFG      | memoryMapping_inst/serialInterface_inst/receiveFIFO_reg[3]_47              | reset                                   |                3 |              9 |         3.00 |
|  internalClk_BUFG      | memoryMapping_inst/serialInterface_inst/receiveFIFO_reg[2]_51              | reset                                   |                5 |              9 |         1.80 |
|  internalClk_BUFG      | memoryMapping_inst/serialInterface_inst/receiveFIFO_reg[1]_55              | reset                                   |                2 |              9 |         4.50 |
|  internalClk_BUFG      | memoryMapping_inst/serialInterface_inst/receiveFIFO_reg[15]_50             | reset                                   |                6 |              9 |         1.50 |
|  internalClk_BUFG      | memoryMapping_inst/serialInterface_inst/receiveFIFO_reg[14]_54             | reset                                   |                3 |              9 |         3.00 |
|  internalClk_BUFG      | memoryMapping_inst/serialInterface_inst/receiveFIFO_reg[12]_62             | reset                                   |                2 |              9 |         4.50 |
|  internalClk_BUFG      | memoryMapping_inst/serialInterface_inst/receiveFIFO_reg[11]_49             | reset                                   |                6 |              9 |         1.50 |
|  internalClk_BUFG      | memoryMapping_inst/serialInterface_inst/receiveFIFO_reg[10]_53             | reset                                   |                3 |              9 |         3.00 |
|  internalClk_BUFG      | memoryMapping_inst/serialInterface_inst/receiveFIFO_reg[0]_59              | reset                                   |                5 |              9 |         1.80 |
|  internalClk_BUFG      | CPU_Core_inst/CU/operand2SelReg                                            | reset                                   |                7 |              9 |         1.29 |
|  internalClk_BUFG      | memoryMapping_inst/serialInterface_inst/receiveFIFO_reg[13]_58             | reset                                   |                5 |              9 |         1.80 |
|  internalClk_BUFG      | CPU_Core_inst/CU/bitManipulationCodeReg[1]_i_1_n_0                         | reset                                   |                3 |             12 |         4.00 |
|  internalClk_BUFG      | memoryMapping_inst/serialInterface_inst/debugPtr[12]_i_1_n_0               | reset                                   |                4 |             13 |         3.25 |
|  internalClk_BUFG      | CPU_Core_inst/ALU_inst/resultReg_reg[6]_4[0]                               | reset                                   |                9 |             16 |         1.78 |
|  internalClk_BUFG      | CPU_Core_inst/ALU_inst/resultReg_reg[6]_3[0]                               | reset                                   |                8 |             16 |         2.00 |
|  internalClk_BUFG      | memoryMapping_inst/hardwareTimer2_inst/countReg                            | reset                                   |                8 |             16 |         2.00 |
|  internalClk_BUFG      | memoryMapping_inst/IO_SevenSegmentDisplay_inst/ddDecReg                    | reset                                   |                6 |             16 |         2.67 |
|  internalClk_BUFG      | memoryMapping_inst/hardwareTimer1_inst/countReg                            | reset                                   |                7 |             16 |         2.29 |
|  externalClk_IBUF_BUFG |                                                                            | debounceCount[0]_i_1__0_n_0             |                5 |             19 |         3.80 |
|  internalClk_BUFG      | memoryMapping_inst/clockController_inst/debounceCount[19]_i_1_n_0          | reset                                   |                4 |             20 |         5.00 |
|  internalClk_BUFG      | memoryMapping_inst/serialInterface_inst/countReceiveCycles                 | reset                                   |                7 |             31 |         4.43 |
|  internalClk_BUFG      | CPU_Core_inst/ALU_inst/resultReg_reg[4]_5[0]                               | reset                                   |               13 |             32 |         2.46 |
|  internalClk_BUFG      | memoryMapping_inst/hardwareTimer3_inst/countReg                            | reset                                   |               14 |             32 |         2.29 |
|  internalClk_BUFG      | CPU_Core_inst/CU/instructionReg                                            | reset                                   |               23 |             32 |         1.39 |
|  internalClk_BUFG      | CPU_Core_inst/CU/E[0]                                                      | reset                                   |                7 |             32 |         4.57 |
|  internalClk_BUFG      | CPU_Core_inst/ALU_inst/resultReg_reg[0]_4[0]                               | reset                                   |               13 |             32 |         2.46 |
|  internalClk_BUFG      | CPU_Core_inst/ALU_inst/resultReg_reg[0]_5[0]                               | reset                                   |               15 |             32 |         2.13 |
|  internalClk_BUFG      | memoryMapping_inst/hardwareTimer3_inst/prescalerCountReg                   | reset                                   |                8 |             32 |         4.00 |
|  internalClk_BUFG      | CPU_Core_inst/ALU_inst/resultReg_reg[2]_2[0]                               | reset                                   |               14 |             32 |         2.29 |
|  internalClk_BUFG      | CPU_Core_inst/ALU_inst/resultReg_reg[3]_1[0]                               | reset                                   |               13 |             32 |         2.46 |
|  internalClk_BUFG      | CPU_Core_inst/ALU_inst/resultReg_reg[3]_2[0]                               | reset                                   |               13 |             32 |         2.46 |
|  internalClk_BUFG      | CPU_Core_inst/ALU_inst/resultReg_reg[4]_3[0]                               | reset                                   |               14 |             32 |         2.29 |
|  internalClk_BUFG      | CPU_Core_inst/ALU_inst/resultReg_reg[4]_4[0]                               | reset                                   |               13 |             32 |         2.46 |
|  internalClk_BUFG      | ClockGenerator/alteredClkRegister_reg_7[0]                                 | reset                                   |               27 |             32 |         1.19 |
|  internalClk_BUFG      | CPU_Core_inst/ALU_inst/resultReg_reg[4]_6[0]                               | reset                                   |                7 |             32 |         4.57 |
|  internalClk_BUFG      | CPU_Core_inst/ALU_inst/resultReg_reg[4]_7[0]                               | reset                                   |               14 |             32 |         2.29 |
|  internalClk_BUFG      | CPU_Core_inst/ALU_inst/resultReg_reg[5]_4[0]                               | reset                                   |               11 |             32 |         2.91 |
|  internalClk_BUFG      | CPU_Core_inst/ALU_inst/resultReg_reg[6]_1[0]                               | reset                                   |               12 |             32 |         2.67 |
|  internalClk_BUFG      | memoryMapping_inst/serialInterface_inst/countTransmitCycles                | reset                                   |                6 |             32 |         5.33 |
|  internalClk_BUFG      | CPU_Core_inst/ALU_inst/resultReg_reg[6]_5[0]                               | reset                                   |               11 |             32 |         2.91 |
|  internalClk_BUFG      | CPU_Core_inst/ALU_inst/resultReg_reg[6]_6[0]                               | reset                                   |               14 |             32 |         2.29 |
|  internalClk_BUFG      | CPU_Core_inst/ALU_inst/resultReg_reg[7]_3[0]                               | reset                                   |               22 |             32 |         1.45 |
|  internalClk_BUFG      | CPU_Core_inst/ALU_inst/resultReg_reg[7]_4[0]                               | reset                                   |               14 |             32 |         2.29 |
|  internalClk_BUFG      | CPU_Core_inst/ALU_inst/resultReg_reg[7]_5[0]                               | reset                                   |               13 |             32 |         2.46 |
|  internalClk_BUFG      | ClockGenerator/countCyclesRegister                                         | reset                                   |                8 |             32 |         4.00 |
|  internalClk_BUFG      | ClockGenerator/alteredClkRegister_reg_3[0]                                 | reset                                   |               21 |             32 |         1.52 |
|  internalClk_BUFG      | ClockGenerator/alteredClkRegister_reg_2[0]                                 | reset                                   |               24 |             32 |         1.33 |
|  internalClk_BUFG      | ClockGenerator/alteredClkRegister_reg_12[0]                                | reset                                   |               15 |             32 |         2.13 |
|  internalClk_BUFG      | ClockGenerator/alteredClkRegister_reg_11[0]                                | reset                                   |               17 |             32 |         1.88 |
|  internalClk_BUFG      | ClockGenerator/alteredClkRegister_reg_13[0]                                | reset                                   |               12 |             32 |         2.67 |
|  internalClk_BUFG      | ClockGenerator/alteredClkRegister_reg_10[0]                                | reset                                   |               22 |             32 |         1.45 |
|  internalClk_BUFG      | ClockGenerator/alteredClkRegister_reg_1[0]                                 | reset                                   |               21 |             32 |         1.52 |
|  internalClk_BUFG      | ClockGenerator/alteredClkRegister_reg_0[0]                                 | reset                                   |               22 |             32 |         1.45 |
|  internalClk_BUFG      | ClockGenerator/alteredClkRegister_reg[0]                                   | reset                                   |               22 |             32 |         1.45 |
|  internalClk_BUFG      | ClockGenerator/alteredClkRegister_reg_4[0]                                 | reset                                   |               25 |             32 |         1.28 |
|  internalClk_BUFG      | ClockGenerator/alteredClkRegister_reg_5[0]                                 | reset                                   |               22 |             32 |         1.45 |
|  internalClk_BUFG      | memoryMapping_inst/hardwareTimer0_inst/prescalerCountReg                   | reset                                   |                8 |             32 |         4.00 |
|  internalClk_BUFG      | ClockGenerator/alteredClkRegister_reg_9[0]                                 | reset                                   |               17 |             32 |         1.88 |
|  internalClk_BUFG      | ClockGenerator/alteredClkRegister_reg_6[0]                                 | reset                                   |               16 |             32 |         2.00 |
|  internalClk_BUFG      | memoryMapping_inst/hardwareTimer1_inst/prescalerCountReg                   | reset                                   |                8 |             32 |         4.00 |
|  internalClk_BUFG      | ClockGenerator/alteredClkRegister_reg_8[0]                                 | reset                                   |               17 |             32 |         1.88 |
|  internalClk_BUFG      | memoryMapping_inst/hardwareTimer2_inst/prescalerCountReg                   | reset                                   |                8 |             32 |         4.00 |
|  internalClk_BUFG      | CPU_Core_inst/CU/currentlyHandlingInterruptIndexReg                        | reset                                   |               12 |             35 |         2.92 |
|  internalClk_BUFG      | CPU_Core_inst/CU/alteredClkRegister_reg[0]                                 | reset                                   |               19 |             35 |         1.84 |
|  internalClk_BUFG      |                                                                            |                                         |               15 |             36 |         2.40 |
|  internalClk_BUFG      | CPU_Core_inst/CU/CPSR_Reg_Temp                                             | reset                                   |               10 |             36 |         3.60 |
|  internalClk_BUFG      | CPU_Core_inst/CU/operand1SelReg                                            | reset                                   |               20 |             37 |         1.85 |
|  internalClk_BUFG      | memoryMapping_inst/IO_SevenSegmentDisplay_inst/ddshiftReg[30]_i_1_n_0      | reset                                   |               16 |             52 |         3.25 |
|  internalClk_BUFG      | ClockGenerator/E[0]                                                        | reset                                   |               14 |             58 |         4.14 |
|  internalClk_BUFG      |                                                                            | reset                                   |               81 |            176 |         2.17 |
|  internalClk_BUFG      | ClockGenerator/enable                                                      | reset                                   |              302 |            985 |         3.26 |
+------------------------+----------------------------------------------------------------------------+-----------------------------------------+------------------+----------------+--------------+


