Copyright 1986-2022 Xilinx, Inc. All Rights Reserved. Copyright 2022-2024 Advanced Micro Devices, Inc. All Rights Reserved.
---------------------------------------------------------------------------------------------------------------------------------------------
| Tool Version : Vivado v.2024.1 (lin64) Build 5076996 Wed May 22 18:36:09 MDT 2024
| Date         : Sun Jan 12 20:06:49 2025
| Host         : ArchDesktop running 64-bit Arch Linux
| Command      : report_control_sets -verbose -file top_control_sets_placed.rpt
| Design       : top
| Device       : xc7a35t
---------------------------------------------------------------------------------------------------------------------------------------------

Control Set Information

Table of Contents
-----------------
1. Summary
2. Histogram
3. Flip-Flop Distribution
4. Detailed Control Set Information

1. Summary
----------

+----------------------------------------------------------+-------+
|                          Status                          | Count |
+----------------------------------------------------------+-------+
| Total control sets                                       |   114 |
|    Minimum number of control sets                        |   114 |
|    Addition due to synthesis replication                 |     0 |
|    Addition due to physical synthesis replication        |     0 |
| Unused register locations in slices containing registers |   383 |
+----------------------------------------------------------+-------+
* Control sets can be merged at opt_design using control_set_merge or merge_equivalent_drivers
** Run report_qor_suggestions for automated merging and remapping suggestions


2. Histogram
------------

+--------------------+-------+
|       Fanout       | Count |
+--------------------+-------+
| Total control sets |   114 |
| >= 0 to < 4        |    30 |
| >= 4 to < 6        |    10 |
| >= 6 to < 8        |     1 |
| >= 8 to < 10       |    33 |
| >= 10 to < 12      |     0 |
| >= 12 to < 14      |     2 |
| >= 14 to < 16      |     0 |
| >= 16              |    38 |
+--------------------+-------+
* Control sets can be remapped at either synth_design or opt_design


3. Flip-Flop Distribution
-------------------------

+--------------+-----------------------+------------------------+-----------------+--------------+
| Clock Enable | Synchronous Set/Reset | Asynchronous Set/Reset | Total Registers | Total Slices |
+--------------+-----------------------+------------------------+-----------------+--------------+
| No           | No                    | No                     |               1 |            1 |
| No           | No                    | Yes                    |              45 |           20 |
| No           | Yes                   | No                     |               0 |            0 |
| Yes          | No                    | No                     |               0 |            0 |
| Yes          | No                    | Yes                    |            1723 |          744 |
| Yes          | Yes                   | No                     |               0 |            0 |
+--------------+-----------------------+------------------------+-----------------+--------------+


4. Detailed Control Set Information
-----------------------------------

+-------------------+----------------------------------------------------------------------------+--------------------------------------------+------------------+----------------+--------------+
|    Clock Signal   |                                Enable Signal                               |              Set/Reset Signal              | Slice Load Count | Bel Load Count | Bels / Slice |
+-------------------+----------------------------------------------------------------------------+--------------------------------------------+------------------+----------------+--------------+
|  internalClk_BUFG | memoryMapping_inst/serialInterface_inst/parityBitRegister                  | CPU_Core_inst/CU/softwareResetReg_reg_0[0] |                1 |              1 |         1.00 |
|  internalClk_BUFG | CPU_Core_inst/CU/writeAddressBackEnReg                                     | CPU_Core_inst/CU/AR[0]                     |                1 |              1 |         1.00 |
|  internalClk_BUFG | CPU_Core_inst/CU/writeFromALU_EnReg                                        | CPU_Core_inst/CU/AR[0]                     |                1 |              1 |         1.00 |
|  internalClk_BUFG | CPU_Core_inst/CU/softwareResetReg10_out                                    | CPU_Core_inst/CU/AR[0]                     |                1 |              1 |         1.00 |
|  internalClk_BUFG | CPU_Core_inst/CU/delayReg                                                  | CPU_Core_inst/CU/AR[0]                     |                1 |              1 |         1.00 |
|  internalClk_BUFG | CPU_Core_inst/CU/currentlyHaltingReg                                       | CPU_Core_inst/CU/AR[0]                     |                1 |              1 |         1.00 |
|  internalClk_BUFG | memoryMapping_inst/serialInterface_inst/rxStable                           | CPU_Core_inst/CU/softwareResetReg_reg_0[0] |                1 |              1 |         1.00 |
|  internalClk_BUFG | memoryMapping_inst/serialInterface_inst/receiveRegister[7]_i_1_n_0         | CPU_Core_inst/CU/softwareResetReg_reg_0[0] |                1 |              1 |         1.00 |
|  internalClk_BUFG | memoryMapping_inst/serialInterface_inst/receiveRegister[6]_i_1_n_0         | CPU_Core_inst/CU/softwareResetReg_reg_0[0] |                1 |              1 |         1.00 |
|  internalClk_BUFG | memoryMapping_inst/serialInterface_inst/receiveRegister[5]_i_1_n_0         | CPU_Core_inst/CU/softwareResetReg_reg_0[0] |                1 |              1 |         1.00 |
|  internalClk_BUFG | ClockGenerator/currentlyDebugging0_out                                     | CPU_Core_inst/CU/softwareResetReg_reg_0[0] |                1 |              1 |         1.00 |
|  internalClk_BUFG | ClockGenerator/enable                                                      | resetBtn_IBUF                              |                1 |              1 |         1.00 |
|  internalClk_BUFG | memoryMapping_inst/serialInterface_inst/receiveRegister[4]_i_1_n_0         | CPU_Core_inst/CU/softwareResetReg_reg_0[0] |                1 |              1 |         1.00 |
|  internalClk_BUFG | memoryMapping_inst/serialInterface_inst/receiveRegister[3]_i_1_n_0         | CPU_Core_inst/CU/softwareResetReg_reg_0[0] |                1 |              1 |         1.00 |
|  internalClk_BUFG | memoryMapping_inst/serialInterface_inst/receiveRegister[2]_i_1_n_0         | CPU_Core_inst/CU/softwareResetReg_reg_0[0] |                1 |              1 |         1.00 |
|  internalClk_BUFG | memoryMapping_inst/serialInterface_inst/receiveRegister[1]_i_1_n_0         | CPU_Core_inst/CU/softwareResetReg_reg_0[0] |                1 |              1 |         1.00 |
|  internalClk_BUFG | memoryMapping_inst/serialInterface_inst/receiveRegister[0]_i_1_n_0         | CPU_Core_inst/CU/softwareResetReg_reg_0[0] |                1 |              1 |         1.00 |
|  internalClk_BUFG |                                                                            |                                            |                1 |              1 |         1.00 |
|  internalClk_BUFG | CPU_Core_inst/ALU_inst/resultReg_reg[2]_4[0]                               | CPU_Core_inst/CU/softwareResetReg_reg_0[0] |                1 |              3 |         3.00 |
|  internalClk_BUFG | CPU_Core_inst/ALU_inst/resultReg_reg[2]_2[0]                               | CPU_Core_inst/CU/softwareResetReg_reg_0[0] |                1 |              3 |         3.00 |
|  internalClk_BUFG | CPU_Core_inst/ALU_inst/resultReg_reg[4]_5[0]                               | CPU_Core_inst/CU/softwareResetReg_reg_0[0] |                2 |              3 |         1.50 |
|  internalClk_BUFG | CPU_Core_inst/CU/useCPSR_EnReg                                             | CPU_Core_inst/CU/AR[0]                     |                1 |              3 |         3.00 |
|  internalClk_BUFG | CPU_Core_inst/ALU_inst/resultReg_reg[2]_0[0]                               | CPU_Core_inst/CU/softwareResetReg_reg_0[0] |                1 |              3 |         3.00 |
|  internalClk_BUFG | CPU_Core_inst/ALU_inst/resultReg_reg[4]_1[0]                               | CPU_Core_inst/CU/softwareResetReg_reg_0[0] |                1 |              3 |         3.00 |
|  internalClk_BUFG | CPU_Core_inst/ALU_inst/resultReg_reg[4]_0[0]                               | CPU_Core_inst/CU/softwareResetReg_reg_0[0] |                1 |              3 |         3.00 |
|  internalClk_BUFG | CPU_Core_inst/ALU_inst/resultReg_reg[3]_0[0]                               | CPU_Core_inst/CU/softwareResetReg_reg_0[0] |                1 |              3 |         3.00 |
|  internalClk_BUFG | CPU_Core_inst/ALU_inst/resultReg_reg[4]_4[0]                               | CPU_Core_inst/CU/softwareResetReg_reg_0[0] |                1 |              3 |         3.00 |
|  internalClk_BUFG | CPU_Core_inst/ALU_inst/resultReg_reg[4]_2[0]                               | CPU_Core_inst/CU/softwareResetReg_reg_0[0] |                1 |              3 |         3.00 |
|  internalClk_BUFG | CPU_Core_inst/ALU_inst/resultReg_reg[4]_3[0]                               | CPU_Core_inst/CU/softwareResetReg_reg_0[0] |                1 |              3 |         3.00 |
|  internalClk_BUFG | CPU_Core_inst/CU/procState                                                 | CPU_Core_inst/CU/AR[0]                     |                1 |              3 |         3.00 |
|  internalClk_BUFG | memoryMapping_inst/serialInterface_inst/transmitFIFO_regWritePtr           | CPU_Core_inst/CU/softwareResetReg_reg_0[0] |                1 |              4 |         4.00 |
|  internalClk_BUFG | CPU_Core_inst/CU/CPSR_Reg[3]_i_1_n_0                                       | CPU_Core_inst/CU/AR[0]                     |                2 |              4 |         2.00 |
|  internalClk_BUFG | memoryMapping_inst/serialInterface_inst/transmitFIFO_regReadPtr            | CPU_Core_inst/CU/softwareResetReg_reg_0[0] |                2 |              4 |         2.00 |
|  internalClk_BUFG | CPU_Core_inst/CU/sourceRegisterNumberReg                                   | CPU_Core_inst/CU/AR[0]                     |                1 |              4 |         4.00 |
|  internalClk_BUFG | memoryMapping_inst/serialInterface_inst/receiveFIFO_reg_writePtr           | CPU_Core_inst/CU/softwareResetReg_reg_0[0] |                2 |              4 |         2.00 |
|  internalClk_BUFG | memoryMapping_inst/serialInterface_inst/countBitsReceived[3]_i_1_n_0       | CPU_Core_inst/CU/softwareResetReg_reg_0[0] |                1 |              4 |         4.00 |
|  internalClk_BUFG | memoryMapping_inst/serialInterface_inst/countBitsTransmitted               | CPU_Core_inst/CU/softwareResetReg_reg_0[0] |                1 |              4 |         4.00 |
|  internalClk_BUFG | memoryMapping_inst/serialInterface_inst/receiveFIFO_regReadPtr[3]_i_1_n_0  | CPU_Core_inst/CU/softwareResetReg_reg_0[0] |                1 |              4 |         4.00 |
|  internalClk_BUFG | CPU_Core_inst/CU/destinationRegisterNumberReg                              | CPU_Core_inst/CU/AR[0]                     |                3 |              5 |         1.67 |
|  internalClk_BUFG | memoryMapping_inst/serialInterface_inst/FSM_onehot_receiveState[4]_i_1_n_0 | CPU_Core_inst/CU/softwareResetReg_reg_0[0] |                2 |              5 |         2.50 |
|  internalClk_BUFG | CPU_Core_inst/CU/memOperationReg                                           | CPU_Core_inst/CU/AR[0]                     |                3 |              6 |         2.00 |
|  internalClk_BUFG | memoryMapping_inst/serialInterface_inst/transmitFIFO_reg[2]_1              | CPU_Core_inst/CU/softwareResetReg_reg_0[0] |                1 |              8 |         8.00 |
|  internalClk_BUFG | memoryMapping_inst/serialInterface_inst/transmitFIFO_reg[9]_8              | CPU_Core_inst/CU/softwareResetReg_reg_0[0] |                5 |              8 |         1.60 |
|  internalClk_BUFG | memoryMapping_inst/serialInterface_inst/transmitFIFO_reg[8]_7              | CPU_Core_inst/CU/softwareResetReg_reg_0[0] |                4 |              8 |         2.00 |
|  internalClk_BUFG | memoryMapping_inst/serialInterface_inst/transmitFIFO_reg[3]_2              | CPU_Core_inst/CU/softwareResetReg_reg_0[0] |                2 |              8 |         4.00 |
|  internalClk_BUFG | memoryMapping_inst/serialInterface_inst/transmitFIFO_reg[1]_0              | CPU_Core_inst/CU/softwareResetReg_reg_0[0] |                2 |              8 |         4.00 |
|  internalClk_BUFG | memoryMapping_inst/serialInterface_inst/transmitFIFO_reg[15]_14            | CPU_Core_inst/CU/softwareResetReg_reg_0[0] |                1 |              8 |         8.00 |
|  internalClk_BUFG | memoryMapping_inst/serialInterface_inst/transmitFIFO_reg[14]_13            | CPU_Core_inst/CU/softwareResetReg_reg_0[0] |                2 |              8 |         4.00 |
|  internalClk_BUFG | memoryMapping_inst/serialInterface_inst/transmitFIFO_reg[13]_12            | CPU_Core_inst/CU/softwareResetReg_reg_0[0] |                3 |              8 |         2.67 |
|  internalClk_BUFG | memoryMapping_inst/serialInterface_inst/transmitFIFO_reg[12]_11            | CPU_Core_inst/CU/softwareResetReg_reg_0[0] |                3 |              8 |         2.67 |
|  internalClk_BUFG | memoryMapping_inst/serialInterface_inst/transmitFIFO_reg[11]_10            | CPU_Core_inst/CU/softwareResetReg_reg_0[0] |                4 |              8 |         2.00 |
|  internalClk_BUFG | memoryMapping_inst/serialInterface_inst/transmitFIFO_reg[10]_9             | CPU_Core_inst/CU/softwareResetReg_reg_0[0] |                2 |              8 |         4.00 |
|  internalClk_BUFG | memoryMapping_inst/serialInterface_inst/transmitFIFO_reg[0][7]_i_1_n_0     | CPU_Core_inst/CU/softwareResetReg_reg_0[0] |                2 |              8 |         4.00 |
|  internalClk_BUFG | memoryMapping_inst/serialInterface_inst/transmitFIFO_reg[4]_3              | CPU_Core_inst/CU/softwareResetReg_reg_0[0] |                2 |              8 |         4.00 |
|  internalClk_BUFG | memoryMapping_inst/serialInterface_inst/transmitFIFO_reg[5]_4              | CPU_Core_inst/CU/softwareResetReg_reg_0[0] |                4 |              8 |         2.00 |
|  internalClk_BUFG | memoryMapping_inst/serialInterface_inst/transmitFIFO_reg[6]_5              | CPU_Core_inst/CU/softwareResetReg_reg_0[0] |                5 |              8 |         1.60 |
|  internalClk_BUFG | memoryMapping_inst/serialInterface_inst/transmitFIFO_reg[7]_6              | CPU_Core_inst/CU/softwareResetReg_reg_0[0] |                4 |              8 |         2.00 |
|  internalClk_BUFG | memoryMapping_inst/serialInterface_inst/receiveFIFO_reg[7]_21              | CPU_Core_inst/CU/softwareResetReg_reg_0[0] |                3 |              9 |         3.00 |
|  internalClk_BUFG | memoryMapping_inst/serialInterface_inst/receiveFIFO_reg[6]_20              | CPU_Core_inst/CU/softwareResetReg_reg_0[0] |                4 |              9 |         2.25 |
|  internalClk_BUFG | memoryMapping_inst/serialInterface_inst/receiveFIFO_reg[5]_19              | CPU_Core_inst/CU/softwareResetReg_reg_0[0] |                3 |              9 |         3.00 |
|  internalClk_BUFG | memoryMapping_inst/serialInterface_inst/receiveFIFO_reg[4]_18              | CPU_Core_inst/CU/softwareResetReg_reg_0[0] |                2 |              9 |         4.50 |
|  internalClk_BUFG | memoryMapping_inst/serialInterface_inst/receiveFIFO_reg[8]_22              | CPU_Core_inst/CU/softwareResetReg_reg_0[0] |                2 |              9 |         4.50 |
|  internalClk_BUFG | memoryMapping_inst/serialInterface_inst/receiveFIFO_reg[3]_17              | CPU_Core_inst/CU/softwareResetReg_reg_0[0] |                3 |              9 |         3.00 |
|  internalClk_BUFG | memoryMapping_inst/serialInterface_inst/receiveFIFO_reg[2]_16              | CPU_Core_inst/CU/softwareResetReg_reg_0[0] |                2 |              9 |         4.50 |
|  internalClk_BUFG | memoryMapping_inst/serialInterface_inst/receiveFIFO_reg[1]_15              | CPU_Core_inst/CU/softwareResetReg_reg_0[0] |                2 |              9 |         4.50 |
|  internalClk_BUFG | memoryMapping_inst/serialInterface_inst/receiveFIFO_reg[15]_29             | CPU_Core_inst/CU/softwareResetReg_reg_0[0] |                2 |              9 |         4.50 |
|  internalClk_BUFG | memoryMapping_inst/serialInterface_inst/receiveFIFO_reg[14]_28             | CPU_Core_inst/CU/softwareResetReg_reg_0[0] |                2 |              9 |         4.50 |
|  internalClk_BUFG | memoryMapping_inst/serialInterface_inst/receiveFIFO_reg[13]_27             | CPU_Core_inst/CU/softwareResetReg_reg_0[0] |                2 |              9 |         4.50 |
|  internalClk_BUFG | memoryMapping_inst/serialInterface_inst/receiveFIFO_reg[12]_26             | CPU_Core_inst/CU/softwareResetReg_reg_0[0] |                2 |              9 |         4.50 |
|  internalClk_BUFG | memoryMapping_inst/serialInterface_inst/receiveFIFO_reg[11]_25             | CPU_Core_inst/CU/softwareResetReg_reg_0[0] |                2 |              9 |         4.50 |
|  internalClk_BUFG | memoryMapping_inst/serialInterface_inst/receiveFIFO_reg[10]_24             | CPU_Core_inst/CU/softwareResetReg_reg_0[0] |                2 |              9 |         4.50 |
|  internalClk_BUFG | memoryMapping_inst/serialInterface_inst/receiveFIFO_reg[0][8]_i_1_n_0      | CPU_Core_inst/CU/softwareResetReg_reg_0[0] |                2 |              9 |         4.50 |
|  internalClk_BUFG | memoryMapping_inst/serialInterface_inst/receiveFIFO_reg[9]_23              | CPU_Core_inst/CU/softwareResetReg_reg_0[0] |                3 |              9 |         3.00 |
|  internalClk_BUFG | CPU_Core_inst/CU/operand2SelReg                                            | CPU_Core_inst/CU/AR[0]                     |                4 |              9 |         2.25 |
|  internalClk_BUFG | CPU_Core_inst/CU/bitManipulationValSelReg                                  | CPU_Core_inst/CU/AR[0]                     |                3 |             12 |         4.00 |
|  internalClk_BUFG | memoryMapping_inst/serialInterface_inst/debugPtr[12]_i_1_n_0               | CPU_Core_inst/CU/softwareResetReg_reg_0[0] |                3 |             13 |         4.33 |
|  internalClk_BUFG | memoryMapping_inst/serialInterface_inst/countReceiveCycles[30]_i_1_n_0     | CPU_Core_inst/CU/softwareResetReg_reg_0[0] |                5 |             31 |         6.20 |
|  internalClk_BUFG | CPU_Core_inst/CU/addressRegisterNumberReg_reg[0]_3[0]                      | CPU_Core_inst/CU/AR[0]                     |               21 |             32 |         1.52 |
|  internalClk_BUFG | CPU_Core_inst/CU/addressRegisterNumberReg_reg[1]_7[0]                      | CPU_Core_inst/CU/AR[0]                     |               28 |             32 |         1.14 |
|  internalClk_BUFG | CPU_Core_inst/CU/addressRegisterNumberReg_reg[1]_6[0]                      | CPU_Core_inst/CU/AR[0]                     |               24 |             32 |         1.33 |
|  internalClk_BUFG | CPU_Core_inst/CU/addressRegisterNumberReg_reg[1]_5[0]                      | CPU_Core_inst/CU/AR[0]                     |               19 |             32 |         1.68 |
|  internalClk_BUFG | CPU_Core_inst/CU/addressRegisterNumberReg_reg[1]_4[0]                      | CPU_Core_inst/CU/AR[0]                     |               23 |             32 |         1.39 |
|  internalClk_BUFG | CPU_Core_inst/CU/addressRegisterNumberReg_reg[1]_3[0]                      | CPU_Core_inst/CU/AR[0]                     |               19 |             32 |         1.68 |
|  internalClk_BUFG | CPU_Core_inst/CU/addressRegisterNumberReg_reg[1]_2[0]                      | CPU_Core_inst/CU/AR[0]                     |               20 |             32 |         1.60 |
|  internalClk_BUFG | CPU_Core_inst/CU/addressRegisterNumberReg_reg[1]_10[0]                     | CPU_Core_inst/CU/AR[0]                     |               18 |             32 |         1.78 |
|  internalClk_BUFG | CPU_Core_inst/CU/addressRegisterNumberReg_reg[1]_1[0]                      | CPU_Core_inst/CU/AR[0]                     |               21 |             32 |         1.52 |
|  internalClk_BUFG | CPU_Core_inst/ALU_inst/resultReg_reg[2]_13[0]                              | CPU_Core_inst/CU/softwareResetReg_reg_0[0] |               10 |             32 |         3.20 |
|  internalClk_BUFG | CPU_Core_inst/ALU_inst/resultReg_reg[2]_5[0]                               | CPU_Core_inst/CU/softwareResetReg_reg_0[0] |               13 |             32 |         2.46 |
|  internalClk_BUFG | CPU_Core_inst/ALU_inst/resultReg_reg[2]_10[0]                              | CPU_Core_inst/CU/softwareResetReg_reg_0[0] |                9 |             32 |         3.56 |
|  internalClk_BUFG | CPU_Core_inst/ALU_inst/resultReg_reg[3]_3[0]                               | CPU_Core_inst/CU/softwareResetReg_reg_0[0] |               12 |             32 |         2.67 |
|  internalClk_BUFG | CPU_Core_inst/ALU_inst/resultReg_reg[3]_2[0]                               | CPU_Core_inst/CU/softwareResetReg_reg_0[0] |               11 |             32 |         2.91 |
|  internalClk_BUFG | CPU_Core_inst/ALU_inst/resultReg_reg[3]_1[0]                               | CPU_Core_inst/CU/softwareResetReg_reg_0[0] |               14 |             32 |         2.29 |
|  internalClk_BUFG | CPU_Core_inst/CU/mmcm_inst[0]                                              | CPU_Core_inst/CU/AR[0]                     |               23 |             32 |         1.39 |
|  internalClk_BUFG | CPU_Core_inst/CU/instructionReg                                            | CPU_Core_inst/CU/AR[0]                     |               18 |             32 |         1.78 |
|  internalClk_BUFG | CPU_Core_inst/CU/addressRegisterNumberReg_reg[1]_9[0]                      | CPU_Core_inst/CU/AR[0]                     |               18 |             32 |         1.78 |
|  internalClk_BUFG | memoryMapping_inst/serialInterface_inst/countTransmitCycles                | CPU_Core_inst/CU/softwareResetReg_reg_0[0] |                4 |             32 |         8.00 |
|  internalClk_BUFG | CPU_Core_inst/ALU_inst/resultReg_reg[2]_3[0]                               | CPU_Core_inst/CU/softwareResetReg_reg_0[0] |               13 |             32 |         2.46 |
|  internalClk_BUFG | CPU_Core_inst/ALU_inst/resultReg_reg[2]_8[0]                               | CPU_Core_inst/CU/softwareResetReg_reg_0[0] |               10 |             32 |         3.20 |
|  internalClk_BUFG | CPU_Core_inst/ALU_inst/resultReg_reg[2]_11[0]                              | CPU_Core_inst/CU/softwareResetReg_reg_0[0] |               14 |             32 |         2.29 |
|  internalClk_BUFG | CPU_Core_inst/ALU_inst/resultReg_reg[2]_12[0]                              | CPU_Core_inst/CU/softwareResetReg_reg_0[0] |               11 |             32 |         2.91 |
|  internalClk_BUFG | CPU_Core_inst/CU/addressRegisterNumberReg_reg[1]_0[0]                      | CPU_Core_inst/CU/AR[0]                     |               20 |             32 |         1.60 |
|  internalClk_BUFG | CPU_Core_inst/CU/addressRegisterNumberReg_reg[0]_2[0]                      | CPU_Core_inst/CU/AR[0]                     |               22 |             32 |         1.45 |
|  internalClk_BUFG | CPU_Core_inst/CU/addressRegisterNumberReg_reg[0]_1[0]                      | CPU_Core_inst/CU/AR[0]                     |               18 |             32 |         1.78 |
|  internalClk_BUFG | CPU_Core_inst/CU/addressRegisterNumberReg_reg[0]_0[0]                      | CPU_Core_inst/CU/AR[0]                     |               21 |             32 |         1.52 |
|  internalClk_BUFG | CPU_Core_inst/ALU_inst/resultReg_reg[2]_1[0]                               | CPU_Core_inst/CU/softwareResetReg_reg_0[0] |               13 |             32 |         2.46 |
|  internalClk_BUFG | CPU_Core_inst/ALU_inst/resultReg_reg[6]_2[0]                               | CPU_Core_inst/CU/softwareResetReg_reg_0[0] |               10 |             32 |         3.20 |
|  internalClk_BUFG | CPU_Core_inst/ALU_inst/resultReg_reg[6]_1[0]                               | CPU_Core_inst/CU/softwareResetReg_reg_0[0] |               11 |             32 |         2.91 |
|  internalClk_BUFG | CPU_Core_inst/CU/addressRegisterNumberReg_reg[1]_8[0]                      | CPU_Core_inst/CU/AR[0]                     |               21 |             32 |         1.52 |
|  internalClk_BUFG | CPU_Core_inst/ALU_inst/resultReg_reg[2]_9[0]                               | CPU_Core_inst/CU/softwareResetReg_reg_0[0] |               11 |             33 |         3.00 |
|  internalClk_BUFG | CPU_Core_inst/CU/E[0]                                                      | CPU_Core_inst/CU/AR[0]                     |               11 |             35 |         3.18 |
|  internalClk_BUFG | CPU_Core_inst/CU/operand1SelReg                                            | CPU_Core_inst/CU/AR[0]                     |               12 |             37 |         3.08 |
|  internalClk_BUFG |                                                                            | CPU_Core_inst/CU/softwareResetReg_reg_0[0] |               20 |             45 |         2.25 |
|  internalClk_BUFG | ClockGenerator/E[0]                                                        | CPU_Core_inst/CU/softwareResetReg_reg_0[0] |               13 |             58 |         4.46 |
|  internalClk_BUFG | ClockGenerator/enable                                                      | CPU_Core_inst/CU/softwareResetReg_reg_0[0] |               40 |            130 |         3.25 |
+-------------------+----------------------------------------------------------------------------+--------------------------------------------+------------------+----------------+--------------+


