------------------------------------------------------------
Timing Analyzer Summary
------------------------------------------------------------

Type  : Slow 1200mV 85C Model Setup 'VGA_ClkGenerator_inst|altpll_component|auto_generated|pll1|clk[1]'
Slack : 0.470
TNS   : 0.000

Type  : Slow 1200mV 85C Model Setup 'externalClk'
Slack : 4.073
TNS   : 0.000

Type  : Slow 1200mV 85C Model Setup 'VGA_ClkGenerator_inst|altpll_component|auto_generated|pll1|clk[0]'
Slack : 28.704
TNS   : 0.000

Type  : Slow 1200mV 85C Model Hold 'externalClk'
Slack : 0.356
TNS   : 0.000

Type  : Slow 1200mV 85C Model Hold 'VGA_ClkGenerator_inst|altpll_component|auto_generated|pll1|clk[1]'
Slack : 0.405
TNS   : 0.000

Type  : Slow 1200mV 85C Model Hold 'VGA_ClkGenerator_inst|altpll_component|auto_generated|pll1|clk[0]'
Slack : 0.480
TNS   : 0.000

Type  : Slow 1200mV 85C Model Recovery 'VGA_ClkGenerator_inst|altpll_component|auto_generated|pll1|clk[1]'
Slack : 2.938
TNS   : 0.000

Type  : Slow 1200mV 85C Model Recovery 'VGA_ClkGenerator_inst|altpll_component|auto_generated|pll1|clk[0]'
Slack : 3.220
TNS   : 0.000

Type  : Slow 1200mV 85C Model Removal 'VGA_ClkGenerator_inst|altpll_component|auto_generated|pll1|clk[1]'
Slack : 5.714
TNS   : 0.000

Type  : Slow 1200mV 85C Model Removal 'VGA_ClkGenerator_inst|altpll_component|auto_generated|pll1|clk[0]'
Slack : 6.158
TNS   : 0.000

Type  : Slow 1200mV 85C Model Minimum Pulse Width 'externalClk'
Slack : 4.584
TNS   : 0.000

Type  : Slow 1200mV 85C Model Minimum Pulse Width 'VGA_ClkGenerator_inst|altpll_component|auto_generated|pll1|clk[1]'
Slack : 9.653
TNS   : 0.000

Type  : Slow 1200mV 85C Model Minimum Pulse Width 'VGA_ClkGenerator_inst|altpll_component|auto_generated|pll1|clk[0]'
Slack : 19.675
TNS   : 0.000

Type  : Slow 1200mV 0C Model Setup 'VGA_ClkGenerator_inst|altpll_component|auto_generated|pll1|clk[1]'
Slack : 2.274
TNS   : 0.000

Type  : Slow 1200mV 0C Model Setup 'externalClk'
Slack : 4.657
TNS   : 0.000

Type  : Slow 1200mV 0C Model Setup 'VGA_ClkGenerator_inst|altpll_component|auto_generated|pll1|clk[0]'
Slack : 29.766
TNS   : 0.000

Type  : Slow 1200mV 0C Model Hold 'externalClk'
Slack : 0.330
TNS   : 0.000

Type  : Slow 1200mV 0C Model Hold 'VGA_ClkGenerator_inst|altpll_component|auto_generated|pll1|clk[1]'
Slack : 0.334
TNS   : 0.000

Type  : Slow 1200mV 0C Model Hold 'VGA_ClkGenerator_inst|altpll_component|auto_generated|pll1|clk[0]'
Slack : 0.404
TNS   : 0.000

Type  : Slow 1200mV 0C Model Recovery 'VGA_ClkGenerator_inst|altpll_component|auto_generated|pll1|clk[1]'
Slack : 4.018
TNS   : 0.000

Type  : Slow 1200mV 0C Model Recovery 'VGA_ClkGenerator_inst|altpll_component|auto_generated|pll1|clk[0]'
Slack : 4.278
TNS   : 0.000

Type  : Slow 1200mV 0C Model Removal 'VGA_ClkGenerator_inst|altpll_component|auto_generated|pll1|clk[1]'
Slack : 4.717
TNS   : 0.000

Type  : Slow 1200mV 0C Model Removal 'VGA_ClkGenerator_inst|altpll_component|auto_generated|pll1|clk[0]'
Slack : 5.125
TNS   : 0.000

Type  : Slow 1200mV 0C Model Minimum Pulse Width 'externalClk'
Slack : 4.595
TNS   : 0.000

Type  : Slow 1200mV 0C Model Minimum Pulse Width 'VGA_ClkGenerator_inst|altpll_component|auto_generated|pll1|clk[1]'
Slack : 9.673
TNS   : 0.000

Type  : Slow 1200mV 0C Model Minimum Pulse Width 'VGA_ClkGenerator_inst|altpll_component|auto_generated|pll1|clk[0]'
Slack : 19.694
TNS   : 0.000

Type  : Fast 1200mV 0C Model Setup 'VGA_ClkGenerator_inst|altpll_component|auto_generated|pll1|clk[1]'
Slack : 5.925
TNS   : 0.000

Type  : Fast 1200mV 0C Model Setup 'externalClk'
Slack : 6.884
TNS   : 0.000

Type  : Fast 1200mV 0C Model Setup 'VGA_ClkGenerator_inst|altpll_component|auto_generated|pll1|clk[0]'
Slack : 34.211
TNS   : 0.000

Type  : Fast 1200mV 0C Model Hold 'externalClk'
Slack : 0.163
TNS   : 0.000

Type  : Fast 1200mV 0C Model Hold 'VGA_ClkGenerator_inst|altpll_component|auto_generated|pll1|clk[1]'
Slack : 0.202
TNS   : 0.000

Type  : Fast 1200mV 0C Model Hold 'VGA_ClkGenerator_inst|altpll_component|auto_generated|pll1|clk[0]'
Slack : 0.235
TNS   : 0.000

Type  : Fast 1200mV 0C Model Recovery 'VGA_ClkGenerator_inst|altpll_component|auto_generated|pll1|clk[1]'
Slack : 6.461
TNS   : 0.000

Type  : Fast 1200mV 0C Model Recovery 'VGA_ClkGenerator_inst|altpll_component|auto_generated|pll1|clk[0]'
Slack : 6.582
TNS   : 0.000

Type  : Fast 1200mV 0C Model Removal 'VGA_ClkGenerator_inst|altpll_component|auto_generated|pll1|clk[1]'
Slack : 2.802
TNS   : 0.000

Type  : Fast 1200mV 0C Model Removal 'VGA_ClkGenerator_inst|altpll_component|auto_generated|pll1|clk[0]'
Slack : 3.009
TNS   : 0.000

Type  : Fast 1200mV 0C Model Minimum Pulse Width 'externalClk'
Slack : 4.327
TNS   : 0.000

Type  : Fast 1200mV 0C Model Minimum Pulse Width 'VGA_ClkGenerator_inst|altpll_component|auto_generated|pll1|clk[1]'
Slack : 9.710
TNS   : 0.000

Type  : Fast 1200mV 0C Model Minimum Pulse Width 'VGA_ClkGenerator_inst|altpll_component|auto_generated|pll1|clk[0]'
Slack : 19.718
TNS   : 0.000

------------------------------------------------------------
